C:\Code\BandR Duct Line Project\Logical\Global.typ
C:\Code\BandR Duct Line Project\Logical\Global.var
C:\Code\BandR Duct Line Project\Logical\Libraries\operator\operator.fun
C:\Code\BandR Duct Line Project\Logical\Libraries\operator\operator.typ
C:\Code\BandR Duct Line Project\Logical\Libraries\operator\operator.var
C:\Code\BandR Duct Line Project\Logical\Libraries\runtime\runtime.fun
C:\Code\BandR Duct Line Project\Logical\Libraries\runtime\runtime.typ
C:\Code\BandR Duct Line Project\Logical\Libraries\runtime\runtime.var
C:\Code\BandR Duct Line Project\Logical\Libraries\astime\astime.fun
C:\Code\BandR Duct Line Project\Logical\Libraries\astime\astime.typ
C:\Code\BandR Duct Line Project\Logical\Libraries\astime\astime.var
C:\Code\BandR Duct Line Project\Logical\Libraries\AsIecCon\AsIecCon.fun
C:\Code\BandR Duct Line Project\Logical\Libraries\AsIecCon\AsIecCon.typ
C:\Code\BandR Duct Line Project\Logical\Libraries\AsIecCon\AsIecCon.var
C:\Code\BandR Duct Line Project\Logical\Libraries\standard\standard.fun
C:\Code\BandR Duct Line Project\Logical\Libraries\standard\standard.typ
C:\Code\BandR Duct Line Project\Logical\Libraries\standard\standard.var
C:\Code\BandR Duct Line Project\Logical\Libraries\MestekLib\Types.typ
C:\Code\BandR Duct Line Project\Logical\Libraries\MestekLib\Constants.var
C:\Code\BandR Duct Line Project\Logical\Libraries\MestekLib\MestekLib.fun
C:\Code\BandR Duct Line Project\Logical\Libraries\AsTCP\AsTCP.fun
C:\Code\BandR Duct Line Project\Logical\Libraries\AsTCP\AsTCP.typ
C:\Code\BandR Duct Line Project\Logical\Libraries\AsTCP\AsTCP.var
C:\Code\BandR Duct Line Project\Logical\Libraries\asstring\asstring.fun
C:\Code\BandR Duct Line Project\Logical\Libraries\asstring\asstring.typ
C:\Code\BandR Duct Line Project\Logical\Libraries\asstring\asstring.var
C:\Code\BandR Duct Line Project\Logical\LibAsTCP1_ST\Library\Types.typ
C:\Code\BandR Duct Line Project\Logical\LibAsTCP1_ST\Library\Constants.var
C:\Code\BandR Duct Line Project\Logical\LibAsTCP1_ST\Library\Library.fun
C:\Code\BandR Duct Line Project\Logical\LibAsTCP1_ST\LibAsTCP1_ST.typ
C:\Code\BandR Duct Line Project\Logical\LibAsTCP1_ST\LibAsTCP1_ST.var
